// Jest Snapshot v1, https://goo.gl/fbAQLP

exports[`Nav Nav component should match the snapshot 1`] = `
<nav>
  <ul>
    <div
      className="main-nav-container"
    >
      <h1
        className="nav-title"
      >
        Movie Tracker
      </h1>
      <li>
        <NavLink
          className="nav-link"
          to="/"
        >
          Home
        </NavLink>
      </li>
      <li>
        <NavLink
          className="nav-link"
          to="/favorites"
        >
          Favorites
        </NavLink>
      </li>
    </div>
    <section
      className="sign-in-container"
    />
    <li
      className="nav-signed-in-container"
    >
      <span
        className="nav-signed-in-user"
      >
        Signed in as:
         
        <span
          className="nav-user-name"
        >
          max
           
        </span>
      </span>
      <button
        className="nav-title signout-button"
        onClick={[Function]}
      >
        Sign Out
      </button>
    </li>
  </ul>
</nav>
`;
