// Jest Snapshot v1, https://goo.gl/fbAQLP

exports[`NewUser NewUser component should match the snapshot 1`] = `
<section
  className="user-sign-in-container"
>
  <div
    className="user-sign-in-background"
  >
    <img
      alt="movies"
      src="https://i.pinimg.com/originals/86/f1/99/86f199d0c6f5cedd14c121164fa5fafc.jpg"
    />
  </div>
  <form
    className="sign-in-form login-form"
    onSubmit={[MockFunction]}
  >
    <h3
      className="user-form-title"
    >
      Sign In
    </h3>
    <div
      className="input-container"
    >
      <input
        className="user-input"
        id="emails"
        name="email"
        onChange="cool"
        placeholder="Email..."
        type="email"
      />
    </div>
    <div
      className="input-container"
    >
      <input
        className="user-input"
        name="password"
        onChange="cool"
        placeholder="Password..."
        type="password"
      />
    </div>
    <span
      className="status-msg"
    />
    <div
      className="button-container"
    >
      <button
        className="user-form-button sign-in-button"
        onClick={[MockFunction]}
      >
        Sign In
      </button>
      <button
        className="user-form-link"
        onClick={[MockFunction]}
      >
        New user? Create an Account!
      </button>
    </div>
  </form>
</section>
`;
