// Jest Snapshot v1, https://goo.gl/fbAQLP

exports[`Favorites Favorite component render Login in to see favorites if not recieving user props 1`] = `
<section
  className="home-container"
>
  <h2
    className="home-title"
  >
     
  </h2>
  <div
    className="no-favorites"
  >
    Log in to see favorites!
  </div>
</section>
`;
